Component: ARM Compiler 5.06 update 6 (build 750) Tool: armlink [4d35ed]

==============================================================================

Section Cross References

    adc.o(i.ADCIntRegister) refers to adc.o(i._ADCIntNumberGet) for _ADCIntNumberGet
    adc.o(i.ADCIntRegister) refers to interrupt.o(i.IntRegister) for IntRegister
    adc.o(i.ADCIntRegister) refers to interrupt.o(i.IntEnable) for IntEnable
    adc.o(i.ADCIntUnregister) refers to adc.o(i._ADCIntNumberGet) for _ADCIntNumberGet
    adc.o(i.ADCIntUnregister) refers to interrupt.o(i.IntDisable) for IntDisable
    adc.o(i.ADCIntUnregister) refers to interrupt.o(i.IntUnregister) for IntUnregister
    adc.o(i.ADCSoftwareOversampleConfigure) refers to adc.o(.data) for g_pui8OversampleFactor
    adc.o(i.ADCSoftwareOversampleDataGet) refers to adc.o(.data) for g_pui8OversampleFactor
    adc.o(i.ADCSoftwareOversampleStepConfigure) refers to adc.o(.data) for g_pui8OversampleFactor
    aes.o(i.AESDataAuth) refers to aes.o(i.AESLengthSet) for AESLengthSet
    aes.o(i.AESDataAuth) refers to aes.o(i.AESDataWrite) for AESDataWrite
    aes.o(i.AESDataAuth) refers to aes.o(i.AESTagRead) for AESTagRead
    aes.o(i.AESDataProcess) refers to aes.o(i.AESLengthSet) for AESLengthSet
    aes.o(i.AESDataProcess) refers to aes.o(i.AESDataWrite) for AESDataWrite
    aes.o(i.AESDataProcess) refers to aes.o(i.AESDataRead) for AESDataRead
    aes.o(i.AESDataProcessAuth) refers to aes.o(i.AESLengthSet) for AESLengthSet
    aes.o(i.AESDataProcessAuth) refers to aes.o(i.AESAuthLengthSet) for AESAuthLengthSet
    aes.o(i.AESDataProcessAuth) refers to aes.o(i.AESDataWrite) for AESDataWrite
    aes.o(i.AESDataProcessAuth) refers to aes.o(i.AESDataRead) for AESDataRead
    aes.o(i.AESDataProcessAuth) refers to aes.o(i.AESTagRead) for AESTagRead
    aes.o(i.AESIntRegister) refers to interrupt.o(i.IntRegister) for IntRegister
    aes.o(i.AESIntRegister) refers to interrupt.o(i.IntEnable) for IntEnable
    aes.o(i.AESIntUnregister) refers to interrupt.o(i.IntDisable) for IntDisable
    aes.o(i.AESIntUnregister) refers to interrupt.o(i.IntUnregister) for IntUnregister
    can.o(i.CANBitRateSet) refers to can.o(.constdata) for g_ui16CANBitValues
    can.o(i.CANIntRegister) refers to can.o(i._CANIntNumberGet) for _CANIntNumberGet
    can.o(i.CANIntRegister) refers to interrupt.o(i.IntRegister) for IntRegister
    can.o(i.CANIntRegister) refers to interrupt.o(i.IntEnable) for IntEnable
    can.o(i.CANIntUnregister) refers to can.o(i._CANIntNumberGet) for _CANIntNumberGet
    can.o(i.CANIntUnregister) refers to interrupt.o(i.IntDisable) for IntDisable
    can.o(i.CANIntUnregister) refers to interrupt.o(i.IntUnregister) for IntUnregister
    can.o(i.CANMessageGet) refers to can.o(i._CANDataRegRead) for _CANDataRegRead
    can.o(i.CANMessageSet) refers to can.o(i._CANDataRegWrite) for _CANDataRegWrite
    comp.o(i.ComparatorIntRegister) refers to interrupt.o(i.IntRegister) for IntRegister
    comp.o(i.ComparatorIntRegister) refers to interrupt.o(i.IntEnable) for IntEnable
    comp.o(i.ComparatorIntUnregister) refers to interrupt.o(i.IntDisable) for IntDisable
    comp.o(i.ComparatorIntUnregister) refers to interrupt.o(i.IntUnregister) for IntUnregister
    crc.o(i.CRCDataProcess) refers to crc.o(i.CRCResultRead) for CRCResultRead
    des.o(i.DESDataProcess) refers to des.o(i.DESDataWriteNonBlocking) for DESDataWriteNonBlocking
    des.o(i.DESDataProcess) refers to des.o(i.DESDataReadNonBlocking) for DESDataReadNonBlocking
    des.o(i.DESIntRegister) refers to interrupt.o(i.IntRegister) for IntRegister
    des.o(i.DESIntRegister) refers to interrupt.o(i.IntEnable) for IntEnable
    des.o(i.DESIntUnregister) refers to interrupt.o(i.IntDisable) for IntDisable
    des.o(i.DESIntUnregister) refers to interrupt.o(i.IntUnregister) for IntUnregister
    eeprom.o(i.EEPROMInit) refers to sysctl.o(.emb_text) for SysCtlDelay
    eeprom.o(i.EEPROMInit) refers to eeprom.o(i._EEPROMWaitForDone) for _EEPROMWaitForDone
    eeprom.o(i.EEPROMInit) refers to sysctl.o(i.SysCtlPeripheralReset) for SysCtlPeripheralReset
    eeprom.o(i.EEPROMIntClear) refers to eeprom.o(i._EEPROMSectorMaskClear) for _EEPROMSectorMaskClear
    eeprom.o(i.EEPROMMassErase) refers to eeprom.o(i._EEPROMSectorMaskClear) for _EEPROMSectorMaskClear
    eeprom.o(i.EEPROMMassErase) refers to eeprom.o(i._EEPROMWaitForDone) for _EEPROMWaitForDone
    eeprom.o(i.EEPROMMassErase) refers to sysctl.o(i.SysCtlPeripheralReset) for SysCtlPeripheralReset
    eeprom.o(i.EEPROMMassErase) refers to sysctl.o(.emb_text) for SysCtlDelay
    eeprom.o(i.EEPROMProgram) refers to eeprom.o(i._EEPROMSectorMaskSet) for _EEPROMSectorMaskSet
    eeprom.o(i.EEPROMProgram) refers to sysctl.o(.emb_text) for SysCtlDelay
    eeprom.o(i.EEPROMProgram) refers to eeprom.o(i._EEPROMSectorMaskClear) for _EEPROMSectorMaskClear
    eeprom.o(i.EEPROMProgramNonBlocking) refers to eeprom.o(i._EEPROMSectorMaskSet) for _EEPROMSectorMaskSet
[...]
    ../clib/microlib/stubs.s                 0x00000000   Number         0  iusefp.o ABSOLUTE
    ../clib/microlib/stubs.s                 0x00000000   Number         0  iusesemip.o ABSOLUTE
    ../fplib/microlib/f2d.c                  0x00000000   Number         0  f2d.o ABSOLUTE
    ../fplib/microlib/fpadd.c                0x00000000   Number         0  dadd.o ABSOLUTE
    ../fplib/microlib/fpdiv.c                0x00000000   Number         0  ddiv.o ABSOLUTE
    ../fplib/microlib/fpepilogue.c           0x00000000   Number         0  depilogue.o ABSOLUTE
    ../fplib/microlib/fpfix.c                0x00000000   Number         0  dfixul.o ABSOLUTE
    ../fplib/microlib/fpfix.c                0x00000000   Number         0  dfixi.o ABSOLUTE
    ../fplib/microlib/fpflt.c                0x00000000   Number         0  dflti.o ABSOLUTE
    ../fplib/microlib/fpmul.c                0x00000000   Number         0  dmul.o ABSOLUTE
    ../fplib/microlib/fpneg.c                0x00000000   Number         0  dneg.o ABSOLUTE
    ../fplib/microlib/fpscalb.c              0x00000000   Number         0  dscalb.o ABSOLUTE
    ../fplib/microlib/fpsqrt.c               0x00000000   Number         0  dsqrt.o ABSOLUTE
    ../mathlib/dunder.c                      0x00000000   Number         0  dunder.o ABSOLUTE
    ../mathlib/fabs.c                        0x00000000   Number         0  fabs.o ABSOLUTE
    ../mathlib/floor.c                       0x00000000   Number         0  floor.o ABSOLUTE
    ../mathlib/fpclassify.c                  0x00000000   Number         0  fpclassify.o ABSOLUTE
    ../mathlib/poly.c                        0x00000000   Number         0  poly.o ABSOLUTE
    ../mathlib/pow.c                         0x00000000   Number         0  pow.o ABSOLUTE
    ../mathlib/pow.c                         0x00000000   Number         0  pow_x.o ABSOLUTE
    ../mathlib/qnan.c                        0x00000000   Number         0  qnan.o ABSOLUTE
    ../mathlib/sqrt.c                        0x00000000   Number         0  sqrt_x.o ABSOLUTE
    ../mathlib/sqrt.c                        0x00000000   Number         0  sqrt.o ABSOLUTE
    ..\..\..\Source\ARM\irq_cm4f.s           0x00000000   Number         0  irq_cm4f.o ABSOLUTE
    D:\Install_in_D\Keil5.26\ARM\PACK\ARM\CMSIS\5.4.0\CMSIS\RTOS2\RTX\Source\rtx_lib.c 0x00000000   Number         0  rtx_lib.o ABSOLUTE
    D:\\Install_in_D\\Keil5.26\\ARM\\PACK\\ARM\\CMSIS\\5.4.0\\CMSIS\\RTOS2\\RTX\\Source\\rtx_lib.c 0x00000000   Number         0  rtx_lib.o ABSOLUTE
    Drivers\cJSON.c                          0x00000000   Number         0  cjson.o ABSOLUTE
    Drivers\gprs.c                           0x00000000   Number         0  gprs.o ABSOLUTE
    Drivers\gps.c                            0x00000000   Number         0  gps.o ABSOLUTE
    RTE\CMSIS\RTX_Config.c                   0x00000000   Number         0  rtx_config.o ABSOLUTE
    RTE\Device\TM4C123GH6PM\startup_TM4C123.s 0x00000000   Number         0  startup_tm4c123.o ABSOLUTE
    RTE\Device\TM4C123GH6PM\system_TM4C123.c 0x00000000   Number         0  system_tm4c123.o ABSOLUTE
    RTE\\CMSIS\\RTX_Config.c                 0x00000000   Number         0  rtx_config.o ABSOLUTE
    RTE\\Device\\TM4C123GH6PM\\system_TM4C123.c 0x00000000   Number         0  system_tm4c123.o ABSOLUTE
    User\WDT.c                               0x00000000   Number         0  wdt.o ABSOLUTE
    User\delay.c                             0x00000000   Number         0  delay.o ABSOLUTE
    User\main.c                              0x00000000   Number         0  main.o ABSOLUTE
    User\my_system.c                         0x00000000   Number         0  my_system.o ABSOLUTE
    User\my_uart.c                           0x00000000   Number         0  my_uart.o ABSOLUTE
    cdcmple.s                                0x00000000   Number         0  cdcmple.o ABSOLUTE
    cdrcmple.s                               0x00000000   Number         0  cdrcmple.o ABSOLUTE
    dc.s                                     0x00000000   Number         0  dc.o ABSOLUTE
    driverlib\\cpu.c                         0x00000000   Number         0  cpu.o ABSOLUTE
    driverlib\\sysctl.c                      0x00000000   Number         0  sysctl.o ABSOLUTE
    driverlib\adc.c                          0x00000000   Number         0  adc.o ABSOLUTE
    driverlib\aes.c                          0x00000000   Number         0  aes.o ABSOLUTE
    driverlib\can.c                          0x00000000   Number         0  can.o ABSOLUTE
    driverlib\comp.c                         0x00000000   Number         0  comp.o ABSOLUTE
    driverlib\cpu.c                          0x00000000   Number         0  cpu.o ABSOLUTE
    driverlib\crc.c                          0x00000000   Number         0  crc.o ABSOLUTE
    driverlib\des.c                          0x00000000   Number         0  des.o ABSOLUTE
    driverlib\eeprom.c                       0x00000000   Number         0  eeprom.o ABSOLUTE
    driverlib\emac.c                         0x00000000   Number         0  emac.o ABSOLUTE
    driverlib\epi.c                          0x00000000   Number         0  epi.o ABSOLUTE
    driverlib\flash.c                        0x00000000   Number         0  flash.o ABSOLUTE
    driverlib\fpu.c                          0x00000000   Number         0  fpu.o ABSOLUTE
    driverlib\gpio.c                         0x00000000   Number         0  gpio.o ABSOLUTE
    driverlib\hibernate.c                    0x00000000   Number         0  hibernate.o ABSOLUTE
    driverlib\i2c.c                          0x00000000   Number         0  i2c.o ABSOLUTE
    driverlib\interrupt.c                    0x00000000   Number         0  interrupt.o ABSOLUTE
    driverlib\lcd.c                          0x00000000   Number         0  lcd.o ABSOLUTE
    driverlib\mpu.c                          0x00000000   Number         0  mpu.o ABSOLUTE
    driverlib\onewire.c                      0x00000000   Number         0  onewire.o ABSOLUTE
    driverlib\pwm.c                          0x00000000   Number         0  pwm.o ABSOLUTE
    driverlib\qei.c                          0x00000000   Number         0  qei.o ABSOLUTE
    driverlib\shamd5.c                       0x00000000   Number         0  shamd5.o ABSOLUTE
    driverlib\ssi.c                          0x00000000   Number         0  ssi.o ABSOLUTE
    driverlib\sw_crc.c                       0x00000000   Number         0  sw_crc.o ABSOLUTE
    driverlib\sysctl.c                       0x00000000   Number         0  sysctl.o ABSOLUTE
    driverlib\sysexc.c                       0x00000000   Number         0  sysexc.o ABSOLUTE
    driverlib\systick.c                      0x00000000   Number         0  systick.o ABSOLUTE
    driverlib\timer.c                        0x00000000   Number         0  timer.o ABSOLUTE
    driverlib\uart.c                         0x00000000   Number         0  uart.o ABSOLUTE
    driverlib\udma.c                         0x00000000   Number         0  udma.o ABSOLUTE
    driverlib\usb.c                          0x00000000   Number         0  usb.o ABSOLUTE
    driverlib\watchdog.c                     0x00000000   Number         0  watchdog.o ABSOLUTE
    handlers.s                               0x00000000   Number         0  handlers.o ABSOLUTE
    init.s                                   0x00000000   Number         0  init.o ABSOLUTE
    os_systick.c                             0x00000000   Number         0  os_systick.o ABSOLUTE
    rtx_kernel.c                             0x00000000   Number         0  rtx_kernel.o ABSOLUTE
    rtx_memory.c                             0x00000000   Number         0  rtx_memory.o ABSOLUTE
    rtx_mempool.c                            0x00000000   Number         0  rtx_mempool.o ABSOLUTE
    rtx_msgqueue.c                           0x00000000   Number         0  rtx_msgqueue.o ABSOLUTE
    rtx_mutex.c                              0x00000000   Number         0  rtx_mutex.o ABSOLUTE
    rtx_system.c                             0x00000000   Number         0  rtx_system.o ABSOLUTE
    rtx_thread.c                             0x00000000   Number         0  rtx_thread.o ABSOLUTE
    rtx_timer.c                              0x00000000   Number         0  rtx_timer.o ABSOLUTE
    utils\uartstdio.c                        0x00000000   Number         0  uartstdio.o ABSOLUTE
    .ARM.Collect$$$$00000000                 0x0000026c   Section        0  entry.o(.ARM.Collect$$$$00000000)
    .ARM.Collect$$$$00000001                 0x0000026c   Section        4  entry2.o(.ARM.Collect$$$$00000001)
    .ARM.Collect$$$$00000004                 0x00000270   Section        4  entry5.o(.ARM.Collect$$$$00000004)
    .ARM.Collect$$$$00000008                 0x00000274   Section        0  entry7b.o(.ARM.Collect$$$$00000008)
    .ARM.Collect$$$$0000000A                 0x00000274   Section        0  entry8b.o(.ARM.Collect$$$$0000000A)
    .ARM.Collect$$$$0000000B                 0x00000274   Section        8  entry9a.o(.ARM.Collect$$$$0000000B)
    .ARM.Collect$$$$0000000D                 0x0000027c   Section        0  entry10a.o(.ARM.Collect$$$$0000000D)
    .ARM.Collect$$$$0000000F                 0x0000027c   Section        0  entry11a.o(.ARM.Collect$$$$0000000F)
    .ARM.Collect$$$$00002712                 0x0000027c   Section        4  entry2.o(.ARM.Collect$$$$00002712)
    __lit__00000000                          0x0000027c   Data           4  entry2.o(.ARM.Collect$$$$00002712)
    .emb_text                                0x00000280   Section        6  sysctl.o(.emb_text)
    $v0                                      0x00000280   Number         0  sysctl.o(.emb_text)
    .text                                    0x00000288   Section      252  startup_tm4c123.o(.text)
    $v0                                      0x00000288   Number         0  startup_tm4c123.o(.text)
    .text                                    0x00000384   Section      196  irq_cm4f.o(.text)
    $v0                                      0x00000384   Number         0  irq_cm4f.o(.text)
    .text                                    0x00000448   Section        0  memcpya.o(.text)
    .text                                    0x0000046c   Section        0  memseta.o(.text)
    .text                                    0x00000490   Section        0  strstr.o(.text)
    .text                                    0x000004b4   Section        0  strncpy.o(.text)
    .text                                    0x000004cc   Section        0  strchr.o(.text)
    .text                                    0x000004e0   Section        0  strlen.o(.text)
    .text                                    0x000004ee   Section        0  strcpy.o(.text)
    .text                                    0x00000500   Section        0  dadd.o(.text)
    .text                                    0x0000064e   Section        0  dmul.o(.text)
    .text                                    0x00000732   Section        0  dflti.o(.text)
    .text                                    0x00000754   Section        0  dfixi.o(.text)
    .text                                    0x00000794   Section       48  cdcmple.o(.text)
    .text                                    0x000007c4   Section       48  cdrcmple.o(.text)
    .text                                    0x000007f4   Section        0  uidiv.o(.text)
    .text                                    0x00000820   Section        0  uldiv.o(.text)
    .text                                    0x00000882   Section        0  llshl.o(.text)
    .text                                    0x000008a0   Section        0  llushr.o(.text)
    .text                                    0x000008c0   Section        0  llsshr.o(.text)
    .text                                    0x000008e4   Section        0  depilogue.o(.text)
    .text                                    0x000008e4   Section        0  iusefp.o(.text)
    .text                                    0x0000099e   Section        0  ddiv.o(.text)
    .text                                    0x00000a7c   Section        0  dfixul.o(.text)
    .text                                    0x00000aac   Section       36  init.o(.text)
    .text                                    0x00000ad0   Section        0  __dczerorl.o(.text)
    [Anonymous Symbol]                       0x00000b0c   Section        0  os_systick.o(.text.OS_Tick_AcknowledgeIRQ)
    __arm_cp.3_0                             0x00000b14   Number         4  os_systick.o(.text.OS_Tick_AcknowledgeIRQ)
    [Anonymous Symbol]                       0x00000b18   Section        0  rtx_system.o(.text.osRtxPendSV_Handler)
    __arm_cp.1_0                             0x00000ba4   Number         4  rtx_system.o(.text.osRtxPendSV_Handler)
    [Anonymous Symbol]                       0x00000ba8   Section        0  rtx_thread.o(.text.osRtxThreadBlock)
    osRtxThreadBlock                         0x00000ba9   Thumb Code    56  rtx_thread.o(.text.osRtxThreadBlock)
    __arm_cp.10_0                            0x00000bdc   Number         4  rtx_thread.o(.text.osRtxThreadBlock)
    [Anonymous Symbol]                       0x00000be0   Section        0  rtx_thread.o(.text.osRtxThreadDelayTick)
    __arm_cp.5_0                             0x00000c14   Number         4  rtx_thread.o(.text.osRtxThreadDelayTick)
    [Anonymous Symbol]                       0x00000c18   Section        0  rtx_thread.o(.text.osRtxThreadDispatch)
    __arm_cp.9_0                             0x00000c74   Number         4  rtx_thread.o(.text.osRtxThreadDispatch)
    [Anonymous Symbol]                       0x00000c78   Section        0  rtx_thread.o(.text.osRtxThreadListPut)
    [Anonymous Symbol]                       0x00000ca4   Section        0  rtx_thread.o(.text.osRtxThreadListRemove)
    [Anonymous Symbol]                       0x00000cb8   Section        0  rtx_thread.o(.text.osRtxThreadReadyPut)
    __arm_cp.4_0                             0x00000cc8   Number         4  rtx_thread.o(.text.osRtxThreadReadyPut)
    [Anonymous Symbol]                       0x00000ccc   Section        0  rtx_thread.o(.text.osRtxThreadStackCheck)
    __arm_cp.8_0                             0x00000cec   Number         4  rtx_thread.o(.text.osRtxThreadStackCheck)
    __arm_cp.8_1                             0x00000cf0   Number         4  rtx_thread.o(.text.osRtxThreadStackCheck)
    [Anonymous Symbol]                       0x00000cf4   Section        0  rtx_thread.o(.text.osRtxThreadSwitch)
    __arm_cp.7_0                             0x00000d00   Number         4  rtx_thread.o(.text.osRtxThreadSwitch)
    [Anonymous Symbol]                       0x00000d04   Section        0  rtx_system.o(.text.osRtxTick_Handler)
    __arm_cp.0_0                             0x00000d70   Number         4  rtx_system.o(.text.osRtxTick_Handler)
    i.Delay_Ms                               0x00000d74   Section        0  delay.o(i.Delay_Ms)
    i.FPUEnable                              0x00000d80   Section        0  fpu.o(i.FPUEnable)
    i.FPULazyStackingEnable                  0x00000d94   Section        0  fpu.o(i.FPULazyStackingEnable)
    i.GPIODirModeSet                         0x00000da8   Section        0  gpio.o(i.GPIODirModeSet)
    i.GPIOPadConfigSet                       0x00000dda   Section        0  gpio.o(i.GPIOPadConfigSet)
    i.GPIOPinConfigure                       0x00000f30   Section        0  gpio.o(i.GPIOPinConfigure)
    i.GPIOPinTypeGPIOOutput                  0x00000f80   Section        0  gpio.o(i.GPIOPinTypeGPIOOutput)
    i.GPIOPinTypeUART                        0x00000f9e   Section        0  gpio.o(i.GPIOPinTypeUART)
    i.GPIOPinWrite                           0x00000fbc   Section        0  gpio.o(i.GPIOPinWrite)
    i.GPRSReturnERROR                        0x00000fc8   Section        0  gprs.o(i.GPRSReturnERROR)
    i.GPRSReturnOK                           0x00000fe8   Section        0  gprs.o(i.GPRSReturnOK)
    i.GPSDataToJson                          0x00001004   Section        0  gps.o(i.GPSDataToJson)
    i.Init_GPRS                              0x00001100   Section        0  gprs.o(i.Init_GPRS)
    i.IntEnable                              0x00001250   Section        0  interrupt.o(i.IntEnable)
    i.IntPrioritySet                         0x000012c4   Section        0  interrupt.o(i.IntPrioritySet)
    i.IntRegister                            0x000012f8   Section        0  interrupt.o(i.IntRegister)
    i.SycTickHandler                         0x00001334   Section        0  delay.o(i.SycTickHandler)
    SycTickHandler                           0x00001335   Thumb Code    12  delay.o(i.SycTickHandler)
    i.SysCtlClockGet                         0x00001344   Section        0  sysctl.o(i.SysCtlClockGet)
    i.SysCtlClockSet                         0x000014b0   Section        0  sysctl.o(i.SysCtlClockSet)
    i.SysCtlPeripheralEnable                 0x000015dc   Section        0  sysctl.o(i.SysCtlPeripheralEnable)
    i.SysCtlPeripheralPresent                0x00001610   Section        0  sysctl.o(i.SysCtlPeripheralPresent)
    i.SysCtlPeripheralReady                  0x00001648   Section        0  sysctl.o(i.SysCtlPeripheralReady)
    i.SysTickEnable                          0x00001680   Section        0  systick.o(i.SysTickEnable)
    i.SysTickIntEnable                       0x00001692   Section        0  systick.o(i.SysTickIntEnable)
    i.SysTickIntRegister                     0x000016a4   Section        0  systick.o(i.SysTickIntRegister)
    i.SysTickPeriodSet                       0x000016c2   Section        0  systick.o(i.SysTickPeriodSet)
    i.SystemInit                             0x000016cc   Section        0  system_tm4c123.o(i.SystemInit)
    i.UART0Init                              0x00001764   Section        0  my_uart.o(i.UART0Init)
    i.UART0IntHandler                        0x000017d4   Section        0  my_uart.o(i.UART0IntHandler)
    i.UART0Send                              0x00001870   Section        0  my_uart.o(i.UART0Send)
    i.UART1Init                              0x00001890   Section        0  my_uart.o(i.UART1Init)
    i.UART1_IRQHandler                       0x00001904   Section        0  my_uart.o(i.UART1_IRQHandler)
    i.UART1_Send                             0x0000194c   Section        0  my_uart.o(i.UART1_Send)
    i.UARTCharGet                            0x0000196c   Section        0  uart.o(i.UARTCharGet)
    i.UARTCharPut                            0x0000197e   Section        0  uart.o(i.UARTCharPut)
    i.UARTClockSourceSet                     0x0000198e   Section        0  uart.o(i.UARTClockSourceSet)
    i.UARTConfigSetExpClk                    0x00001994   Section        0  uart.o(i.UARTConfigSetExpClk)
    i.UARTDisable                            0x000019e0   Section        0  uart.o(i.UARTDisable)
    i.UARTEnable                             0x00001a00   Section        0  uart.o(i.UARTEnable)
    i.UARTFIFODisable                        0x00001a14   Section        0  uart.o(i.UARTFIFODisable)
    i.UARTIntClear                           0x00001a1e   Section        0  uart.o(i.UARTIntClear)
    i.UARTIntEnable                          0x00001a22   Section        0  uart.o(i.UARTIntEnable)
    i.UARTIntRegister                        0x00001a2a   Section        0  uart.o(i.UARTIntRegister)
    i.UARTIntStatus                          0x00001a48   Section        0  uart.o(i.UARTIntStatus)
    i.UARTStdioConfig                        0x00001a54   Section        0  uartstdio.o(i.UARTStdioConfig)
    i.WatchdogEnable                         0x00001aa4   Section        0  watchdog.o(i.WatchdogEnable)
    i.WatchdogLock                           0x00001aae   Section        0  watchdog.o(i.WatchdogLock)
    i.WatchdogLockState                      0x00001ab6   Section        0  watchdog.o(i.WatchdogLockState)
    i.WatchdogReloadSet                      0x00001ac6   Section        0  watchdog.o(i.WatchdogReloadSet)
    i.WatchdogResetEnable                    0x00001aca   Section        0  watchdog.o(i.WatchdogResetEnable)
    i.WatchdogStallEnable                    0x00001ad4   Section        0  watchdog.o(i.WatchdogStallEnable)
    i.WatchdogUnlock                         0x00001ae4   Section        0  watchdog.o(i.WatchdogUnlock)
    i._UARTIntNumberGet                      0x00001af0   Section        0  uart.o(i._UARTIntNumberGet)
    _UARTIntNumberGet                        0x00001af1   Thumb Code    56  uart.o(i._UARTIntNumberGet)
    i.__0sprintf                             0x00001b3c   Section        0  printfa.o(i.__0sprintf)
    i.__hardfp_fabs                          0x00001b64   Section        0  fabs.o(i.__hardfp_fabs)
    i.__hardfp_floor                         0x00001b78   Section        0  floor.o(i.__hardfp_floor)
    i.__scatterload_copy                     0x00001c90   Section       14  handlers.o(i.__scatterload_copy)
    i.__scatterload_null                     0x00001c9e   Section        2  handlers.o(i.__scatterload_null)
    i.__scatterload_zeroinit                 0x00001ca0   Section       14  handlers.o(i.__scatterload_zeroinit)
    i._fp_digits                             0x00001cb0   Section        0  printfa.o(i._fp_digits)
    _fp_digits                               0x00001cb1   Thumb Code   366  printfa.o(i._fp_digits)
    i._printf_core                           0x00001e34   Section        0  printfa.o(i._printf_core)
    _printf_core                             0x00001e35   Thumb Code  1744  printfa.o(i._printf_core)
    i._printf_post_padding                   0x00002510   Section        0  printfa.o(i._printf_post_padding)
    _printf_post_padding                     0x00002511   Thumb Code    36  printfa.o(i._printf_post_padding)
    i._printf_pre_padding                    0x00002534   Section        0  printfa.o(i._printf_pre_padding)
    _printf_pre_padding                      0x00002535   Thumb Code    46  printfa.o(i._printf_pre_padding)
    i._sputc                                 0x00002562   Section        0  printfa.o(i._sputc)
    _sputc                                   0x00002563   Thumb Code    10  printfa.o(i._sputc)
    i.cJSON_AddItemToArray                   0x0000256c   Section        0  cjson.o(i.cJSON_AddItemToArray)
    i.cJSON_AddItemToObject                  0x00002598   Section        0  cjson.o(i.cJSON_AddItemToObject)
    i.cJSON_CreateNumber                     0x000025c8   Section        0  cjson.o(i.cJSON_CreateNumber)
    i.cJSON_CreateObject                     0x000025f8   Section        0  cjson.o(i.cJSON_CreateObject)
    i.cJSON_CreateString                     0x0000260a   Section        0  cjson.o(i.cJSON_CreateString)
    i.cJSON_Delete                           0x00002628   Section        0  cjson.o(i.cJSON_Delete)
    i.cJSON_New_Item                         0x00002680   Section        0  cjson.o(i.cJSON_New_Item)
    cJSON_New_Item                           0x00002681   Thumb Code    26  cjson.o(i.cJSON_New_Item)
    i.cJSON_PrintUnformatted                 0x000026a0   Section        0  cjson.o(i.cJSON_PrintUnformatted)
    i.cJSON_strdup                           0x000026b4   Section        0  cjson.o(i.cJSON_strdup)
    cJSON_strdup                             0x000026b5   Thumb Code    40  cjson.o(i.cJSON_strdup)
    i.clrGPSStruct                           0x000026e0   Section        0  gps.o(i.clrGPSStruct)
    i.delay                                  0x0000272c   Section        0  delay.o(i.delay)
    i.delayMicroseconds                      0x0000273e   Section        0  delay.o(i.delayMicroseconds)
    i.delay_ms                               0x00002756   Section        0  delay.o(i.delay_ms)
    i.disposeGpsBuffer                       0x00002764   Section        0  gps.o(i.disposeGpsBuffer)
    i.ensure                                 0x000027d4   Section        0  cjson.o(i.ensure)
    ensure                                   0x000027d5   Thumb Code   104  cjson.o(i.ensure)
    i.errorLog                               0x00002844   Section        0  gps.o(i.errorLog)
    i.feedWatchDog                           0x00002858   Section        0  wdt.o(i.feedWatchDog)
    i.free                                   0x00002880   Section        0  malloc.o(i.free)
    i.initDelay                              0x000028d0   Section        0  delay.o(i.initDelay)
    i.main                                   0x000028fc   Section        0  main.o(i.main)
    i.malloc                                 0x00002974   Section        0  malloc.o(i.malloc)
    i.micros                                 0x000029e0   Section        0  delay.o(i.micros)
    i.osRtxErrorNotify                       0x000029ec   Section        0  rtx_config.o(i.osRtxErrorNotify)
    i.parseGpsBuffer                         0x00002a0c   Section        0  gps.o(i.parseGpsBuffer)
    i.postGPSdata                            0x00002af0   Section        0  gprs.o(i.postGPSdata)
    i.pow2gt                                 0x00002bd8   Section        0  cjson.o(i.pow2gt)
    pow2gt                                   0x00002bd9   Thumb Code    28  cjson.o(i.pow2gt)
    i.print_array                            0x00002bf4   Section        0  cjson.o(i.print_array)
    print_array                              0x00002bf5   Thumb Code   578  cjson.o(i.print_array)
    i.print_number                           0x00002e44   Section        0  cjson.o(i.print_number)
    print_number                             0x00002e45   Thumb Code   478  cjson.o(i.print_number)
    i.print_object                           0x00003078   Section        0  cjson.o(i.print_object)
    print_object                             0x00003079   Thumb Code  1038  cjson.o(i.print_object)
    i.print_string                           0x00003490   Section        0  cjson.o(i.print_string)
    print_string                             0x00003491   Thumb Code    16  cjson.o(i.print_string)
    i.print_string_ptr                       0x000034a0   Section        0  cjson.o(i.print_string_ptr)
    print_string_ptr                         0x000034a1   Thumb Code   442  cjson.o(i.print_string_ptr)
    i.print_value                            0x00003674   Section        0  cjson.o(i.print_value)
    print_value                              0x00003675   Thumb Code   278  cjson.o(i.print_value)
    i.suffix_object                          0x000037a4   Section        0  cjson.o(i.suffix_object)
    suffix_object                            0x000037a5   Thumb Code     6  cjson.o(i.suffix_object)
    i.systemInit                             0x000037ac   Section        0  my_system.o(i.systemInit)
    i.update                                 0x000037c4   Section        0  cjson.o(i.update)
    update                                   0x000037c5   Thumb Code    32  cjson.o(i.update)
    i.watchDogInit                           0x000037e4   Section        0  wdt.o(i.watchDogInit)
    .constdata                               0x00003834   Section      552  gpio.o(.constdata)
    g_ppui32GPIOIntMapBlizzard               0x00003834   Data         192  gpio.o(.constdata)
    g_ppui32GPIOIntMapSnowflake              0x000038f4   Data         216  gpio.o(.constdata)
    g_pui32GPIOBaseAddrs                     0x000039cc   Data         144  gpio.o(.constdata)
    .constdata                               0x00003a5c   Section      268  interrupt.o(.constdata)
    g_pui32Priority                          0x00003a5c   Data          32  interrupt.o(.constdata)
    g_pui32Regs                              0x00003a7c   Data         156  interrupt.o(.constdata)
    g_pui32EnRegs                            0x00003b18   Data          20  interrupt.o(.constdata)
    g_pui32Dii16Regs                         0x00003b2c   Data          20  interrupt.o(.constdata)
    g_pui32PendRegs                          0x00003b40   Data          20  interrupt.o(.constdata)
    g_pui32UnpendRegs                        0x00003b54   Data          20  interrupt.o(.constdata)
    .constdata                               0x00003b68   Section      596  sysctl.o(.constdata)
    g_pui32Xtals                             0x00003b68   Data         108  sysctl.o(.constdata)
    g_pppui32XTALtoVCO                       0x00003bd4   Data         432  sysctl.o(.constdata)
    g_sXTALtoMEMTIM                          0x00003d84   Data          48  sysctl.o(.constdata)
    g_pui32VCOFrequencies                    0x00003db4   Data           8  sysctl.o(.constdata)
    .constdata                               0x00003dbc   Section      128  uart.o(.constdata)
    g_ppui32UARTIntMap                       0x00003dbc   Data          64  uart.o(.constdata)
    g_ppui32UARTIntMapSnowflake              0x00003dfc   Data          64  uart.o(.constdata)
    .constdata                               0x00003e3c   Section       28  uartstdio.o(.constdata)
    g_pcHex                                  0x00003e3c   Data           4  uartstdio.o(.constdata)
    g_ui32UARTBase                           0x00003e40   Data          12  uartstdio.o(.constdata)
    g_ui32UARTPeriph                         0x00003e4c   Data          12  uartstdio.o(.constdata)
    .constdata                               0x00003e58   Section      100  rtx_lib.o(.constdata)
    os_idle_thread_attr                      0x00003e58   Data          36  rtx_lib.o(.constdata)
    os_timer_thread_attr                     0x00003e7c   Data          36  rtx_lib.o(.constdata)
    os_timer_mq_attr                         0x00003ea0   Data          24  rtx_lib.o(.constdata)
    .conststring                             0x00003ebc   Section       17  uartstdio.o(.conststring)
    .rodata                                  0x00003ed0   Section      104  rtx_lib.o(.rodata)
    __tagsym$$used                           0x00003ed0   Number         0  rtx_lib.o(.rodata)
    [Anonymous Symbol]                       0x00003f38   Section        0  rtx_kernel.o(.rodata.str1.4)
    .L.str                                   0x00003f38   Data          11  rtx_kernel.o(.rodata.str1.4)
    .bss.os                                  0x20000000   Section     4160  rtx_lib.o(.bss.os)
    os_mem                                   0x20000000   Data        4096  rtx_lib.o(.bss.os)
    os_isr_queue                             0x20001000   Data          64  rtx_lib.o(.bss.os)
    .bss.os.msgqueue.cb                      0x20001040   Section       52  rtx_lib.o(.bss.os.msgqueue.cb)
    os_timer_mq_cb                           0x20001040   Data          52  rtx_lib.o(.bss.os.msgqueue.cb)
    .bss.os.msgqueue.mem                     0x20001074   Section       80  rtx_lib.o(.bss.os.msgqueue.mem)
    os_timer_mq_data                         0x20001074   Data          80  rtx_lib.o(.bss.os.msgqueue.mem)
    .bss.os.thread.cb                        0x200010c4   Section      136  rtx_lib.o(.bss.os.thread.cb)
    os_idle_thread_cb                        0x200010c4   Data          68  rtx_lib.o(.bss.os.thread.cb)
    os_timer_thread_cb                       0x20001108   Data          68  rtx_lib.o(.bss.os.thread.cb)
    .bss.os.thread.stack                     0x20001150   Section      512  rtx_lib.o(.bss.os.thread.stack)
    os_idle_thread_stack                     0x20001150   Data         256  rtx_lib.o(.bss.os.thread.stack)
    os_timer_thread_stack                    0x20001250   Data         256  rtx_lib.o(.bss.os.thread.stack)
    .data                                    0x20001350   Section        5  uartstdio.o(.data)
    g_ui32Base                               0x20001350   Data           4  uartstdio.o(.data)
    bLastWasCR                               0x20001354   Data           1  uartstdio.o(.data)
    .data                                    0x20001355   Section        2  my_uart.o(.data)
    .data                                    0x20001358   Section        4  delay.o(.data)
    counter                                  0x20001358   Data           4  delay.o(.data)
    .data                                    0x2000135c   Section        6  gps.o(.data)
    .data                                    0x20001364   Section       12  cjson.o(.data)
    ep                                       0x20001364   Data           4  cjson.o(.data)
    cJSON_malloc                             0x20001368   Data           4  cjson.o(.data)
    cJSON_free                               0x2000136c   Data           4  cjson.o(.data)
    .data                                    0x20001370   Section        4  mvars.o(.data)
    .data                                    0x20001374   Section        4  mvars.o(.data)
    vtable                                   0x20001800   Section      620  interrupt.o(vtable)
    g_pfnRAMVectors                          0x20001800   Data         620  interrupt.o(vtable)
    .bss                                     0x20001a6c   Section      200  my_uart.o(.bss)
    .bss                                     0x20001b34   Section      521  gps.o(.bss)
    HEAP                                     0x20001d40   Section    24576  startup_tm4c123.o(HEAP)
    STACK                                    0x20007d40   Section      512  startup_tm4c123.o(STACK)

    Global Symbols

    Symbol Name                              Value     Ov Type        Size  Object(Section)

    BuildAttributes$$THM_ISAv4$E$P$D$K$B$S$7EM$VFPi3$EXTD16$VFPS$VFMA$PE$A:L22UL41UL21$X:L11$S22US41US21$IEEE1$IW$~IW$USESV6$~STKCKD$USESV7$~SHL$OTIME$ROPI$IEEEX$EBA8$MICROLIB$REQ8$PRES8$EABIv2 0x00000000   Number         0  anon$$obj.o ABSOLUTE
    __ARM_use_no_argv                        0x00000000   Number         0  main.o ABSOLUTE
    __Vectors                                0x00000000   Data           4  startup_tm4c123.o(RESET)
    _printf_a                                0x00000000   Number         0  stubs.o ABSOLUTE
    _printf_c                                0x00000000   Number         0  stubs.o ABSOLUTE
    _printf_charcount                        0x00000000   Number         0  stubs.o ABSOLUTE
    _printf_d                                0x00000000   Number         0  stubs.o ABSOLUTE
    _printf_e                                0x00000000   Number         0  stubs.o ABSOLUTE
    _printf_f                                0x00000000   Number         0  stubs.o ABSOLUTE
    _printf_flags                            0x00000000   Number         0  stubs.o ABSOLUTE
    _printf_fp_dec                           0x00000000   Number         0  stubs.o ABSOLUTE
    _printf_fp_hex                           0x00000000   Number         0  stubs.o ABSOLUTE
    _printf_g                                0x00000000   Number         0  stubs.o ABSOLUTE
    _printf_i                                0x00000000   Number         0  stubs.o ABSOLUTE
    _printf_int_dec                          0x00000000   Number         0  stubs.o ABSOLUTE
    _printf_l                                0x00000000   Number         0  stubs.o ABSOLUTE
    _printf_lc                               0x00000000   Number         0  stubs.o ABSOLUTE
    _printf_ll                               0x00000000   Number         0  stubs.o ABSOLUTE
    _printf_lld                              0x00000000   Number         0  stubs.o ABSOLUTE
    _printf_lli                              0x00000000   Number         0  stubs.o ABSOLUTE
    _printf_llo                              0x00000000   Number         0  stubs.o ABSOLUTE
    _printf_llu                              0x00000000   Number         0  stubs.o ABSOLUTE
    _printf_llx                              0x00000000   Number         0  stubs.o ABSOLUTE
    _printf_longlong_dec                     0x00000000   Number         0  stubs.o ABSOLUTE
    _printf_longlong_hex                     0x00000000   Number         0  stubs.o ABSOLUTE
    _printf_longlong_oct                     0x00000000   Number         0  stubs.o ABSOLUTE
    _printf_ls                               0x00000000   Number         0  stubs.o ABSOLUTE
    _printf_mbtowc                           0x00000000   Number         0  stubs.o ABSOLUTE
    _printf_n                                0x00000000   Number         0  stubs.o ABSOLUTE
    _printf_o                                0x00000000   Number         0  stubs.o ABSOLUTE
    _printf_p                                0x00000000   Number         0  stubs.o ABSOLUTE
    _printf_percent                          0x00000000   Number         0  stubs.o ABSOLUTE
    _printf_pre_padding                      0x00000000   Number         0  stubs.o ABSOLUTE
    _printf_return_value                     0x00000000   Number         0  stubs.o ABSOLUTE
    _printf_s                                0x00000000   Number         0  stubs.o ABSOLUTE
    _printf_sizespec                         0x00000000   Number         0  stubs.o ABSOLUTE
    _printf_str                              0x00000000   Number         0  stubs.o ABSOLUTE
    _printf_truncate_signed                  0x00000000   Number         0  stubs.o ABSOLUTE
    _printf_truncate_unsigned                0x00000000   Number         0  stubs.o ABSOLUTE
    _printf_u                                0x00000000   Number         0  stubs.o ABSOLUTE
    _printf_wc                               0x00000000   Number         0  stubs.o ABSOLUTE
    _printf_wctomb                           0x00000000   Number         0  stubs.o ABSOLUTE
    _printf_widthprec                        0x00000000   Number         0  stubs.o ABSOLUTE
    _printf_x                                0x00000000   Number         0  stubs.o ABSOLUTE
    .bss.os.evflags.cb$$Base                  - Undefined Weak Reference
    .bss.os.evflags.cb$$Limit                 - Undefined Weak Reference
    .bss.os.mempool.cb$$Base                  - Undefined Weak Reference
    .bss.os.mempool.cb$$Limit                 - Undefined Weak Reference
    .bss.os.mutex.cb$$Base                    - Undefined Weak Reference
    .bss.os.mutex.cb$$Limit                   - Undefined Weak Reference
    .bss.os.semaphore.cb$$Base                - Undefined Weak Reference
    .bss.os.semaphore.cb$$Limit               - Undefined Weak Reference
    .bss.os.timer.cb$$Base                    - Undefined Weak Reference
    .bss.os.timer.cb$$Limit                   - Undefined Weak Reference
    __cpp_initialize__aeabi_                  - Undefined Weak Reference
    __cxa_finalize                            - Undefined Weak Reference
    _clock_init                               - Undefined Weak Reference
    _microlib_exit                            - Undefined Weak Reference
    __Vectors_End                            0x0000026c   Data           0  startup_tm4c123.o(RESET)
    __Vectors_Size                           0x0000026c   Number         0  startup_tm4c123.o ABSOLUTE
    __main                                   0x0000026d   Thumb Code     0  entry.o(.ARM.Collect$$$$00000000)
    _main_stk                                0x0000026d   Thumb Code     0  entry2.o(.ARM.Collect$$$$00000001)
    _main_scatterload                        0x00000271   Thumb Code     0  entry5.o(.ARM.Collect$$$$00000004)
    __main_after_scatterload                 0x00000275   Thumb Code     0  entry5.o(.ARM.Collect$$$$00000004)
    _main_clock                              0x00000275   Thumb Code     0  entry7b.o(.ARM.Collect$$$$00000008)
    _main_cpp_init                           0x00000275   Thumb Code     0  entry8b.o(.ARM.Collect$$$$0000000A)
    _main_init                               0x00000275   Thumb Code     0  entry9a.o(.ARM.Collect$$$$0000000B)
    __rt_final_cpp                           0x0000027d   Thumb Code     0  entry10a.o(.ARM.Collect$$$$0000000D)
    __rt_final_exit                          0x0000027d   Thumb Code     0  entry11a.o(.ARM.Collect$$$$0000000F)
    SysCtlDelay                              0x00000281   Thumb Code     6  sysctl.o(.emb_text)
    Reset_Handler                            0x00000289   Thumb Code     8  startup_tm4c123.o(.text)
    NMI_Handler                              0x00000291   Thumb Code     2  startup_tm4c123.o(.text)
    HardFault_Handler                        0x00000293   Thumb Code     2  startup_tm4c123.o(.text)
    MemManage_Handler                        0x00000295   Thumb Code     2  startup_tm4c123.o(.text)
    BusFault_Handler                         0x00000297   Thumb Code     2  startup_tm4c123.o(.text)
    UsageFault_Handler                       0x00000299   Thumb Code     2  startup_tm4c123.o(.text)
    DebugMon_Handler                         0x0000029d   Thumb Code     2  startup_tm4c123.o(.text)
    GPIOA_Handler                            0x000002a3   Thumb Code     2  startup_tm4c123.o(.text)
    GPIOB_Handler                            0x000002a5   Thumb Code     2  startup_tm4c123.o(.text)
    GPIOC_Handler                            0x000002a7   Thumb Code     2  startup_tm4c123.o(.text)
    GPIOD_Handler                            0x000002a9   Thumb Code     2  startup_tm4c123.o(.text)
    GPIOE_Handler                            0x000002ab   Thumb Code     2  startup_tm4c123.o(.text)
    UART0_Handler                            0x000002ad   Thumb Code     2  startup_tm4c123.o(.text)
    UART1_Handler                            0x000002af   Thumb Code     2  startup_tm4c123.o(.text)
    SSI0_Handler                             0x000002b1   Thumb Code     2  startup_tm4c123.o(.text)
    I2C0_Handler                             0x000002b3   Thumb Code     2  startup_tm4c123.o(.text)
    PMW0_FAULT_Handler                       0x000002b5   Thumb Code     2  startup_tm4c123.o(.text)
    PWM0_0_Handler                           0x000002b7   Thumb Code     2  startup_tm4c123.o(.text)
    PWM0_1_Handler                           0x000002b9   Thumb Code     2  startup_tm4c123.o(.text)
    PWM0_2_Handler                           0x000002bb   Thumb Code     2  startup_tm4c123.o(.text)
    QEI0_Handler                             0x000002bd   Thumb Code     2  startup_tm4c123.o(.text)
    ADC0SS0_Handler                          0x000002bf   Thumb Code     2  startup_tm4c123.o(.text)
    ADC0SS1_Handler                          0x000002c1   Thumb Code     2  startup_tm4c123.o(.text)
    ADC0SS2_Handler                          0x000002c3   Thumb Code     2  startup_tm4c123.o(.text)
    ADC0SS3_Handler                          0x000002c5   Thumb Code     2  startup_tm4c123.o(.text)
    WDT0_Handler                             0x000002c7   Thumb Code     2  startup_tm4c123.o(.text)
    TIMER0A_Handler                          0x000002c9   Thumb Code     2  startup_tm4c123.o(.text)
    TIMER0B_Handler                          0x000002cb   Thumb Code     2  startup_tm4c123.o(.text)
    TIMER1A_Handler                          0x000002cd   Thumb Code     2  startup_tm4c123.o(.text)
    TIMER1B_Handler                          0x000002cf   Thumb Code     2  startup_tm4c123.o(.text)
    TIMER2A_Handler                          0x000002d1   Thumb Code     2  startup_tm4c123.o(.text)
    TIMER2B_Handler                          0x000002d3   Thumb Code     2  startup_tm4c123.o(.text)
    COMP0_Handler                            0x000002d5   Thumb Code     2  startup_tm4c123.o(.text)
    COMP1_Handler                            0x000002d7   Thumb Code     2  startup_tm4c123.o(.text)
    COMP2_Handler                            0x000002d9   Thumb Code     2  startup_tm4c123.o(.text)
    SYSCTL_Handler                           0x000002db   Thumb Code     2  startup_tm4c123.o(.text)
    FLASH_Handler                            0x000002dd   Thumb Code     2  startup_tm4c123.o(.text)
    GPIOF_Handler                            0x000002df   Thumb Code     2  startup_tm4c123.o(.text)
    GPIOG_Handler                            0x000002e1   Thumb Code     2  startup_tm4c123.o(.text)
    GPIOH_Handler                            0x000002e3   Thumb Code     2  startup_tm4c123.o(.text)
    UART2_Handler                            0x000002e5   Thumb Code     2  startup_tm4c123.o(.text)
    SSI1_Handler                             0x000002e7   Thumb Code     2  startup_tm4c123.o(.text)
    TIMER3A_Handler                          0x000002e9   Thumb Code     2  startup_tm4c123.o(.text)
    TIMER3B_Handler                          0x000002eb   Thumb Code     2  startup_tm4c123.o(.text)
    I2C1_Handler                             0x000002ed   Thumb Code     2  startup_tm4c123.o(.text)
    QEI1_Handler                             0x000002ef   Thumb Code     2  startup_tm4c123.o(.text)
    CAN0_Handler                             0x000002f1   Thumb Code     2  startup_tm4c123.o(.text)
    CAN1_Handler                             0x000002f3   Thumb Code     2  startup_tm4c123.o(.text)
    CAN2_Handler                             0x000002f5   Thumb Code     2  startup_tm4c123.o(.text)
    HIB_Handler                              0x000002f7   Thumb Code     2  startup_tm4c123.o(.text)
    USB0_Handler                             0x000002f9   Thumb Code     2  startup_tm4c123.o(.text)
    PWM0_3_Handler                           0x000002fb   Thumb Code     2  startup_tm4c123.o(.text)
    UDMA_Handler                             0x000002fd   Thumb Code     2  startup_tm4c123.o(.text)
    UDMAERR_Handler                          0x000002ff   Thumb Code     2  startup_tm4c123.o(.text)
    ADC1SS0_Handler                          0x00000301   Thumb Code     2  startup_tm4c123.o(.text)
    ADC1SS1_Handler                          0x00000303   Thumb Code     2  startup_tm4c123.o(.text)
    ADC1SS2_Handler                          0x00000305   Thumb Code     2  startup_tm4c123.o(.text)
    ADC1SS3_Handler                          0x00000307   Thumb Code     2  startup_tm4c123.o(.text)
    GPIOJ_Handler                            0x00000309   Thumb Code     2  startup_tm4c123.o(.text)
    GPIOK_Handler                            0x0000030b   Thumb Code     2  startup_tm4c123.o(.text)
    GPIOL_Handler                            0x0000030d   Thumb Code     2  startup_tm4c123.o(.text)
    SSI2_Handler                             0x0000030f   Thumb Code     2  startup_tm4c123.o(.text)
    SSI3_Handler                             0x00000311   Thumb Code     2  startup_tm4c123.o(.text)
    UART3_Handler                            0x00000313   Thumb Code     2  startup_tm4c123.o(.text)
    UART4_Handler                            0x00000315   Thumb Code     2  startup_tm4c123.o(.text)
    UART5_Handler                            0x00000317   Thumb Code     2  startup_tm4c123.o(.text)
    UART6_Handler                            0x00000319   Thumb Code     2  startup_tm4c123.o(.text)
    UART7_Handler                            0x0000031b   Thumb Code     2  startup_tm4c123.o(.text)
    I2C2_Handler                             0x0000031d   Thumb Code     2  startup_tm4c123.o(.text)
    I2C3_Handler                             0x0000031f   Thumb Code     2  startup_tm4c123.o(.text)
    TIMER4A_Handler                          0x00000321   Thumb Code     2  startup_tm4c123.o(.text)
    TIMER4B_Handler                          0x00000323   Thumb Code     2  startup_tm4c123.o(.text)
    TIMER5A_Handler                          0x00000325   Thumb Code     2  startup_tm4c123.o(.text)
    TIMER5B_Handler                          0x00000327   Thumb Code     2  startup_tm4c123.o(.text)
    WTIMER0A_Handler                         0x00000329   Thumb Code     2  startup_tm4c123.o(.text)
    WTIMER0B_Handler                         0x0000032b   Thumb Code     2  startup_tm4c123.o(.text)
    WTIMER1A_Handler                         0x0000032d   Thumb Code     2  startup_tm4c123.o(.text)
    WTIMER1B_Handler                         0x0000032f   Thumb Code     2  startup_tm4c123.o(.text)
    WTIMER2A_Handler                         0x00000331   Thumb Code     2  startup_tm4c123.o(.text)
    WTIMER2B_Handler                         0x00000333   Thumb Code     2  startup_tm4c123.o(.text)
    WTIMER3A_Handler                         0x00000335   Thumb Code     2  startup_tm4c123.o(.text)
    WTIMER3B_Handler                         0x00000337   Thumb Code     2  startup_tm4c123.o(.text)
    WTIMER4A_Handler                         0x00000339   Thumb Code     2  startup_tm4c123.o(.text)
    WTIMER4B_Handler                         0x0000033b   Thumb Code     2  startup_tm4c123.o(.text)
    WTIMER5A_Handler                         0x0000033d   Thumb Code     2  startup_tm4c123.o(.text)
    WTIMER5B_Handler                         0x0000033f   Thumb Code     2  startup_tm4c123.o(.text)
    FPU_Handler                              0x00000341   Thumb Code     2  startup_tm4c123.o(.text)
    I2C4_Handler                             0x00000343   Thumb Code     2  startup_tm4c123.o(.text)
    I2C5_Handler                             0x00000345   Thumb Code     2  startup_tm4c123.o(.text)
    GPIOM_Handler                            0x00000347   Thumb Code     2  startup_tm4c123.o(.text)
    GPION_Handler                            0x00000349   Thumb Code     2  startup_tm4c123.o(.text)
    QEI2_Handler                             0x0000034b   Thumb Code     2  startup_tm4c123.o(.text)
    GPIOP0_Handler                           0x0000034d   Thumb Code     2  startup_tm4c123.o(.text)
    GPIOP1_Handler                           0x0000034f   Thumb Code     2  startup_tm4c123.o(.text)
    GPIOP2_Handler                           0x00000351   Thumb Code     2  startup_tm4c123.o(.text)
    GPIOP3_Handler                           0x00000353   Thumb Code     2  startup_tm4c123.o(.text)
    GPIOP4_Handler                           0x00000355   Thumb Code     2  startup_tm4c123.o(.text)
    GPIOP5_Handler                           0x00000357   Thumb Code     2  startup_tm4c123.o(.text)
    GPIOP6_Handler                           0x00000359   Thumb Code     2  startup_tm4c123.o(.text)
    GPIOP7_Handler                           0x0000035b   Thumb Code     2  startup_tm4c123.o(.text)
    GPIOQ0_Handler                           0x0000035d   Thumb Code     2  startup_tm4c123.o(.text)
    GPIOQ1_Handler                           0x0000035f   Thumb Code     2  startup_tm4c123.o(.text)
    GPIOQ2_Handler                           0x00000361   Thumb Code     2  startup_tm4c123.o(.text)
    GPIOQ3_Handler                           0x00000363   Thumb Code     2  startup_tm4c123.o(.text)
    GPIOQ4_Handler                           0x00000365   Thumb Code     2  startup_tm4c123.o(.text)
    GPIOQ5_Handler                           0x00000367   Thumb Code     2  startup_tm4c123.o(.text)
    GPIOQ6_Handler                           0x00000369   Thumb Code     2  startup_tm4c123.o(.text)
    GPIOQ7_Handler                           0x0000036b   Thumb Code     2  startup_tm4c123.o(.text)
    GPIOR_Handler                            0x0000036d   Thumb Code     2  startup_tm4c123.o(.text)
    GPIOS_Handler                            0x0000036f   Thumb Code     2  startup_tm4c123.o(.text)
    PMW1_0_Handler                           0x00000371   Thumb Code     2  startup_tm4c123.o(.text)
    PWM1_1_Handler                           0x00000373   Thumb Code     2  startup_tm4c123.o(.text)
    PWM1_2_Handler                           0x00000375   Thumb Code     2  startup_tm4c123.o(.text)
    PWM1_3_Handler                           0x00000377   Thumb Code     2  startup_tm4c123.o(.text)
    PWM1_FAULT_Handler                       0x00000379   Thumb Code     2  startup_tm4c123.o(.text)
    SVC_Handler                              0x00000385   Thumb Code   152  irq_cm4f.o(.text)
    PendSV_Handler                           0x0000041d   Thumb Code    16  irq_cm4f.o(.text)
    SysTick_Handler                          0x0000042d   Thumb Code    16  irq_cm4f.o(.text)
    __aeabi_memcpy                           0x00000449   Thumb Code    36  memcpya.o(.text)
    __aeabi_memcpy4                          0x00000449   Thumb Code     0  memcpya.o(.text)
    __aeabi_memcpy8                          0x00000449   Thumb Code     0  memcpya.o(.text)
    __aeabi_memset                           0x0000046d   Thumb Code    14  memseta.o(.text)
    __aeabi_memset4                          0x0000046d   Thumb Code     0  memseta.o(.text)
    __aeabi_memset8                          0x0000046d   Thumb Code     0  memseta.o(.text)
    __aeabi_memclr                           0x0000047b   Thumb Code     4  memseta.o(.text)
    __aeabi_memclr4                          0x0000047b   Thumb Code     0  memseta.o(.text)
    __aeabi_memclr8                          0x0000047b   Thumb Code     0  memseta.o(.text)
    _memset$wrapper                          0x0000047f   Thumb Code    18  memseta.o(.text)
    strstr                                   0x00000491   Thumb Code    36  strstr.o(.text)
    strncpy                                  0x000004b5   Thumb Code    24  strncpy.o(.text)
    strchr                                   0x000004cd   Thumb Code    20  strchr.o(.text)
    strlen                                   0x000004e1   Thumb Code    14  strlen.o(.text)
    strcpy                                   0x000004ef   Thumb Code    18  strcpy.o(.text)
    __aeabi_dadd                             0x00000501   Thumb Code   322  dadd.o(.text)
    __aeabi_dsub                             0x00000643   Thumb Code     6  dadd.o(.text)
    __aeabi_drsub                            0x00000649   Thumb Code     6  dadd.o(.text)
    __aeabi_dmul                             0x0000064f   Thumb Code   228  dmul.o(.text)
    __aeabi_i2d                              0x00000733   Thumb Code    34  dflti.o(.text)
    __aeabi_d2iz                             0x00000755   Thumb Code    62  dfixi.o(.text)
    __aeabi_cdcmpeq                          0x00000795   Thumb Code     0  cdcmple.o(.text)
    __aeabi_cdcmple                          0x00000795   Thumb Code    48  cdcmple.o(.text)
    __aeabi_cdrcmple                         0x000007c5   Thumb Code    48  cdrcmple.o(.text)
    __aeabi_uidiv                            0x000007f5   Thumb Code     0  uidiv.o(.text)
    __aeabi_uidivmod                         0x000007f5   Thumb Code    44  uidiv.o(.text)
    __aeabi_uldivmod                         0x00000821   Thumb Code    98  uldiv.o(.text)
    __aeabi_llsl                             0x00000883   Thumb Code    30  llshl.o(.text)
    _ll_shift_l                              0x00000883   Thumb Code     0  llshl.o(.text)
    __aeabi_llsr                             0x000008a1   Thumb Code    32  llushr.o(.text)
    _ll_ushift_r                             0x000008a1   Thumb Code     0  llushr.o(.text)
    __aeabi_lasr                             0x000008c1   Thumb Code    36  llsshr.o(.text)
    _ll_sshift_r                             0x000008c1   Thumb Code     0  llsshr.o(.text)
    __I$use$fp                               0x000008e5   Thumb Code     0  iusefp.o(.text)
    _double_round                            0x000008e5   Thumb Code    30  depilogue.o(.text)
    _double_epilogue                         0x00000903   Thumb Code   156  depilogue.o(.text)
    __aeabi_ddiv                             0x0000099f   Thumb Code   222  ddiv.o(.text)
    __aeabi_d2ulz                            0x00000a7d   Thumb Code    48  dfixul.o(.text)
    __scatterload                            0x00000aad   Thumb Code    28  init.o(.text)
    __scatterload_rt2                        0x00000aad   Thumb Code     0  init.o(.text)
    __decompress                             0x00000ad1   Thumb Code     0  __dczerorl.o(.text)
    __decompress0                            0x00000ad1   Thumb Code    58  __dczerorl.o(.text)
    OS_Tick_AcknowledgeIRQ                   0x00000b0d   Thumb Code    12  os_systick.o(.text.OS_Tick_AcknowledgeIRQ)
    osRtxPendSV_Handler                      0x00000b19   Thumb Code   144  rtx_system.o(.text.osRtxPendSV_Handler)
    osRtxThreadDelayTick                     0x00000be1   Thumb Code    56  rtx_thread.o(.text.osRtxThreadDelayTick)
    osRtxThreadDispatch                      0x00000c19   Thumb Code    96  rtx_thread.o(.text.osRtxThreadDispatch)
    osRtxThreadListPut                       0x00000c79   Thumb Code    44  rtx_thread.o(.text.osRtxThreadListPut)
    osRtxThreadListRemove                    0x00000ca5   Thumb Code    20  rtx_thread.o(.text.osRtxThreadListRemove)
    osRtxThreadReadyPut                      0x00000cb9   Thumb Code    20  rtx_thread.o(.text.osRtxThreadReadyPut)
    osRtxThreadStackCheck                    0x00000ccd   Thumb Code    40  rtx_thread.o(.text.osRtxThreadStackCheck)
    osRtxThreadSwitch                        0x00000cf5   Thumb Code    16  rtx_thread.o(.text.osRtxThreadSwitch)
    osRtxTick_Handler                        0x00000d05   Thumb Code   112  rtx_system.o(.text.osRtxTick_Handler)
    Delay_Ms                                 0x00000d75   Thumb Code    12  delay.o(i.Delay_Ms)
    FPUEnable                                0x00000d81   Thumb Code    14  fpu.o(i.FPUEnable)
    FPULazyStackingEnable                    0x00000d95   Thumb Code    14  fpu.o(i.FPULazyStackingEnable)
    GPIODirModeSet                           0x00000da9   Thumb Code    50  gpio.o(i.GPIODirModeSet)
    GPIOPadConfigSet                         0x00000ddb   Thumb Code   342  gpio.o(i.GPIOPadConfigSet)
    GPIOPinConfigure                         0x00000f31   Thumb Code    70  gpio.o(i.GPIOPinConfigure)
    GPIOPinTypeGPIOOutput                    0x00000f81   Thumb Code    30  gpio.o(i.GPIOPinTypeGPIOOutput)
    GPIOPinTypeUART                          0x00000f9f   Thumb Code    30  gpio.o(i.GPIOPinTypeUART)
    GPIOPinWrite                             0x00000fbd   Thumb Code    10  gpio.o(i.GPIOPinWrite)
    GPRSReturnERROR                          0x00000fc9   Thumb Code    22  gprs.o(i.GPRSReturnERROR)
    GPRSReturnOK                             0x00000fe9   Thumb Code    22  gprs.o(i.GPRSReturnOK)
    GPSDataToJson                            0x00001005   Thumb Code   172  gps.o(i.GPSDataToJson)
    Init_GPRS                                0x00001101   Thumb Code   196  gprs.o(i.Init_GPRS)
    IntEnable                                0x00001251   Thumb Code   108  interrupt.o(i.IntEnable)
    IntPrioritySet                           0x000012c5   Thumb Code    46  interrupt.o(i.IntPrioritySet)
    IntRegister                              0x000012f9   Thumb Code    52  interrupt.o(i.IntRegister)
    SysCtlClockGet                           0x00001345   Thumb Code   324  sysctl.o(i.SysCtlClockGet)
    SysCtlClockSet                           0x000014b1   Thumb Code   280  sysctl.o(i.SysCtlClockSet)
    SysCtlPeripheralEnable                   0x000015dd   Thumb Code    46  sysctl.o(i.SysCtlPeripheralEnable)
    SysCtlPeripheralPresent                  0x00001611   Thumb Code    52  sysctl.o(i.SysCtlPeripheralPresent)
    SysCtlPeripheralReady                    0x00001649   Thumb Code    52  sysctl.o(i.SysCtlPeripheralReady)
    SysTickEnable                            0x00001681   Thumb Code    18  systick.o(i.SysTickEnable)
    SysTickIntEnable                         0x00001693   Thumb Code    18  systick.o(i.SysTickIntEnable)
    SysTickIntRegister                       0x000016a5   Thumb Code    30  systick.o(i.SysTickIntRegister)
    SysTickPeriodSet                         0x000016c3   Thumb Code    10  systick.o(i.SysTickPeriodSet)
    SystemInit                               0x000016cd   Thumb Code   112  system_tm4c123.o(i.SystemInit)
    UART0Init                                0x00001765   Thumb Code    90  my_uart.o(i.UART0Init)
    UART0IntHandler                          0x000017d5   Thumb Code   138  my_uart.o(i.UART0IntHandler)
    UART0Send                                0x00001871   Thumb Code    28  my_uart.o(i.UART0Send)
    UART1Init                                0x00001891   Thumb Code    88  my_uart.o(i.UART1Init)
    UART1_IRQHandler                         0x00001905   Thumb Code    60  my_uart.o(i.UART1_IRQHandler)
    UART1_Send                               0x0000194d   Thumb Code    28  my_uart.o(i.UART1_Send)
    UARTCharGet                              0x0000196d   Thumb Code    18  uart.o(i.UARTCharGet)
    UARTCharPut                              0x0000197f   Thumb Code    16  uart.o(i.UARTCharPut)
    UARTClockSourceSet                       0x0000198f   Thumb Code     6  uart.o(i.UARTClockSourceSet)
    UARTConfigSetExpClk                      0x00001995   Thumb Code    76  uart.o(i.UARTConfigSetExpClk)
    UARTDisable                              0x000019e1   Thumb Code    32  uart.o(i.UARTDisable)
    UARTEnable                               0x00001a01   Thumb Code    20  uart.o(i.UARTEnable)
    UARTFIFODisable                          0x00001a15   Thumb Code    10  uart.o(i.UARTFIFODisable)
    UARTIntClear                             0x00001a1f   Thumb Code     4  uart.o(i.UARTIntClear)
    UARTIntEnable                            0x00001a23   Thumb Code     8  uart.o(i.UARTIntEnable)
    UARTIntRegister                          0x00001a2b   Thumb Code    30  uart.o(i.UARTIntRegister)
    UARTIntStatus                            0x00001a49   Thumb Code    12  uart.o(i.UARTIntStatus)
    UARTStdioConfig                          0x00001a55   Thumb Code    68  uartstdio.o(i.UARTStdioConfig)
    WatchdogEnable                           0x00001aa5   Thumb Code    10  watchdog.o(i.WatchdogEnable)
    WatchdogLock                             0x00001aaf   Thumb Code     8  watchdog.o(i.WatchdogLock)
    WatchdogLockState                        0x00001ab7   Thumb Code    16  watchdog.o(i.WatchdogLockState)
    WatchdogReloadSet                        0x00001ac7   Thumb Code     4  watchdog.o(i.WatchdogReloadSet)
    WatchdogResetEnable                      0x00001acb   Thumb Code    10  watchdog.o(i.WatchdogResetEnable)
    WatchdogStallEnable                      0x00001ad5   Thumb Code    14  watchdog.o(i.WatchdogStallEnable)
    WatchdogUnlock                           0x00001ae5   Thumb Code     8  watchdog.o(i.WatchdogUnlock)
    __0sprintf                               0x00001b3d   Thumb Code    34  printfa.o(i.__0sprintf)
    __1sprintf                               0x00001b3d   Thumb Code     0  printfa.o(i.__0sprintf)
    __2sprintf                               0x00001b3d   Thumb Code     0  printfa.o(i.__0sprintf)
    __c89sprintf                             0x00001b3d   Thumb Code     0  printfa.o(i.__0sprintf)
    sprintf                                  0x00001b3d   Thumb Code     0  printfa.o(i.__0sprintf)
    __hardfp_fabs                            0x00001b65   Thumb Code    20  fabs.o(i.__hardfp_fabs)
    __hardfp_floor                           0x00001b79   Thumb Code   252  floor.o(i.__hardfp_floor)
    __scatterload_copy                       0x00001c91   Thumb Code    14  handlers.o(i.__scatterload_copy)
    __scatterload_null                       0x00001c9f   Thumb Code     2  handlers.o(i.__scatterload_null)
    __scatterload_zeroinit                   0x00001ca1   Thumb Code    14  handlers.o(i.__scatterload_zeroinit)
    cJSON_AddItemToArray                     0x0000256d   Thumb Code    42  cjson.o(i.cJSON_AddItemToArray)
    cJSON_AddItemToObject                    0x00002599   Thumb Code    44  cjson.o(i.cJSON_AddItemToObject)
    cJSON_CreateNumber                       0x000025c9   Thumb Code    48  cjson.o(i.cJSON_CreateNumber)
    cJSON_CreateObject                       0x000025f9   Thumb Code    18  cjson.o(i.cJSON_CreateObject)
    cJSON_CreateString                       0x0000260b   Thumb Code    28  cjson.o(i.cJSON_CreateString)
    cJSON_Delete                             0x00002629   Thumb Code    82  cjson.o(i.cJSON_Delete)
    cJSON_PrintUnformatted                   0x000026a1   Thumb Code    18  cjson.o(i.cJSON_PrintUnformatted)
    clrGPSStruct                             0x000026e1   Thumb Code    72  gps.o(i.clrGPSStruct)
    delay                                    0x0000272d   Thumb Code    18  delay.o(i.delay)
    delayMicroseconds                        0x0000273f   Thumb Code    24  delay.o(i.delayMicroseconds)
    delay_ms                                 0x00002757   Thumb Code    12  delay.o(i.delay_ms)
    disposeGpsBuffer                         0x00002765   Thumb Code    80  gps.o(i.disposeGpsBuffer)
    errorLog                                 0x00002845   Thumb Code    12  gps.o(i.errorLog)
    feedWatchDog                             0x00002859   Thumb Code    38  wdt.o(i.feedWatchDog)
    free                                     0x00002881   Thumb Code    76  malloc.o(i.free)
    initDelay                                0x000028d1   Thumb Code    34  delay.o(i.initDelay)
    main                                     0x000028fd   Thumb Code   110  main.o(i.main)
    malloc                                   0x00002975   Thumb Code    92  malloc.o(i.malloc)
    micros                                   0x000029e1   Thumb Code     6  delay.o(i.micros)
    osRtxErrorNotify                         0x000029ed   Thumb Code    32  rtx_config.o(i.osRtxErrorNotify)
    parseGpsBuffer                           0x00002a0d   Thumb Code   218  gps.o(i.parseGpsBuffer)
    postGPSdata                              0x00002af1   Thumb Code   174  gprs.o(i.postGPSdata)
    systemInit                               0x000037ad   Thumb Code    18  my_system.o(i.systemInit)
    watchDogInit                             0x000037e5   Thumb Code    80  wdt.o(i.watchDogInit)
    osRtxUserSVC                             0x00003eb8   Data           4  rtx_lib.o(.constdata)
    osRtxConfig                              0x00003ed0   Data         104  rtx_lib.o(.rodata)
    Region$$Table$$Base                      0x00003f44   Number         0  anon$$obj.o(Region$$Table)
    Region$$Table$$Limit                     0x00003f64   Number         0  anon$$obj.o(Region$$Table)
    .bss.os.msgqueue.cb$$Base                0x20001040   Number         0  rtx_lib.o(.bss.os.msgqueue.cb)
    .bss.os.msgqueue.cb$$Limit               0x20001074   Number         0  rtx_lib.o(.bss.os.msgqueue.cb)
    .bss.os.thread.cb$$Base                  0x200010c4   Number         0  rtx_lib.o(.bss.os.thread.cb)
    .bss.os.thread.cb$$Limit                 0x2000114c   Number         0  rtx_lib.o(.bss.os.thread.cb)
    uart1_RX_buffer_size                     0x20001355   Data           1  my_uart.o(.data)
    GPRS_receve_cnt                          0x20001356   Data           1  my_uart.o(.data)
    rxdatabufer                              0x2000135c   Data           1  gps.o(.data)
    point1                                   0x2000135e   Data           2  gps.o(.data)
    USART_RX_STA                             0x20001360   Data           2  gps.o(.data)
    __microlib_freelist                      0x20001370   Data           4  mvars.o(.data)
    __microlib_freelist_initialised          0x20001374   Data           4  mvars.o(.data)
    osRtxInfo                                0x20001378   Data         164  rtx_kernel.o(.data.os)
    uart1_RX_buffer                          0x20001a6c   Data         200  my_uart.o(.bss)
    Save_Data                                0x20001b34   Data         121  gps.o(.bss)
    GPSData                                  0x20001bad   Data         200  gps.o(.bss)
    USART_RX_BUF                             0x20001c75   Data         200  gps.o(.bss)
    __heap_base                              0x20001d40   Data           0  startup_tm4c123.o(HEAP)
    __heap_limit                             0x20007d40   Data           0  startup_tm4c123.o(HEAP)
    __initial_sp                             0x20007f40   Data           0  startup_tm4c123.o(STACK)



==============================================================================

Memory Map of the image

  Image Entry point : 0x0000026d

  Load Region LR_IROM1 (Base: 0x00000000, Size: 0x000059d0, Max: 0x00040000, ABSOLUTE, COMPRESSED[0x00003fac])

    Execution Region ER_IROM1 (Exec base: 0x00000000, Load base: 0x00000000, Size: 0x00003f64, Max: 0x00040000, ABSOLUTE)

    Exec Addr    Load Addr    Size         Type   Attr      Idx    E Section Name        Object

    0x00000000   0x00000000   0x0000026c   Data   RO         6858    RESET               startup_tm4c123.o
    0x0000026c   0x0000026c   0x00000000   Code   RO         7414  * .ARM.Collect$$$$00000000  mc_w.l(entry.o)
    0x0000026c   0x0000026c   0x00000004   Code   RO         7771    .ARM.Collect$$$$00000001  mc_w.l(entry2.o)
    0x00000270   0x00000270   0x00000004   Code   RO         7774    .ARM.Collect$$$$00000004  mc_w.l(entry5.o)
    0x00000274   0x00000274   0x00000000   Code   RO         7776    .ARM.Collect$$$$00000008  mc_w.l(entry7b.o)
    0x00000274   0x00000274   0x00000000   Code   RO         7778    .ARM.Collect$$$$0000000A  mc_w.l(entry8b.o)
    0x00000274   0x00000274   0x00000008   Code   RO         7779    .ARM.Collect$$$$0000000B  mc_w.l(entry9a.o)
    0x0000027c   0x0000027c   0x00000000   Code   RO         7781    .ARM.Collect$$$$0000000D  mc_w.l(entry10a.o)
    0x0000027c   0x0000027c   0x00000000   Code   RO         7783    .ARM.Collect$$$$0000000F  mc_w.l(entry11a.o)
    0x0000027c   0x0000027c   0x00000004   Code   RO         7772    .ARM.Collect$$$$00002712  mc_w.l(entry2.o)
    0x00000280   0x00000280   0x00000006   Code   RO         4066    .emb_text           sysctl.o
    0x00000286   0x00000286   0x00000002   PAD
    0x00000288   0x00000288   0x000000fc   Code   RO         6859    .text               startup_tm4c123.o
    0x00000384   0x00000384   0x000000c4   Code   RO         6924    .text               RTX_CM4F.lib(irq_cm4f.o)
    0x00000448   0x00000448   0x00000024   Code   RO         7419    .text               mc_w.l(memcpya.o)
    0x0000046c   0x0000046c   0x00000024   Code   RO         7421    .text               mc_w.l(memseta.o)
    0x00000490   0x00000490   0x00000024   Code   RO         7423    .text               mc_w.l(strstr.o)
    0x000004b4   0x000004b4   0x00000018   Code   RO         7425    .text               mc_w.l(strncpy.o)
    0x000004cc   0x000004cc   0x00000014   Code   RO         7427    .text               mc_w.l(strchr.o)
    0x000004e0   0x000004e0   0x0000000e   Code   RO         7429    .text               mc_w.l(strlen.o)
    0x000004ee   0x000004ee   0x00000012   Code   RO         7431    .text               mc_w.l(strcpy.o)
    0x00000500   0x00000500   0x0000014e   Code   RO         7726    .text               mf_w.l(dadd.o)
    0x0000064e   0x0000064e   0x000000e4   Code   RO         7728    .text               mf_w.l(dmul.o)
    0x00000732   0x00000732   0x00000022   Code   RO         7730    .text               mf_w.l(dflti.o)
    0x00000754   0x00000754   0x0000003e   Code   RO         7732    .text               mf_w.l(dfixi.o)
    0x00000792   0x00000792   0x00000002   PAD
    0x00000794   0x00000794   0x00000030   Code   RO         7736    .text               mf_w.l(cdcmple.o)
    0x000007c4   0x000007c4   0x00000030   Code   RO         7738    .text               mf_w.l(cdrcmple.o)
    0x000007f4   0x000007f4   0x0000002c   Code   RO         7788    .text               mc_w.l(uidiv.o)
    0x00000820   0x00000820   0x00000062   Code   RO         7790    .text               mc_w.l(uldiv.o)
    0x00000882   0x00000882   0x0000001e   Code   RO         7792    .text               mc_w.l(llshl.o)
    0x000008a0   0x000008a0   0x00000020   Code   RO         7794    .text               mc_w.l(llushr.o)
    0x000008c0   0x000008c0   0x00000024   Code   RO         7796    .text               mc_w.l(llsshr.o)
    0x000008e4   0x000008e4   0x00000000   Code   RO         7807    .text               mc_w.l(iusefp.o)
    0x000008e4   0x000008e4   0x000000ba   Code   RO         7808    .text               mf_w.l(depilogue.o)
    0x0000099e   0x0000099e   0x000000de   Code   RO         7810    .text               mf_w.l(ddiv.o)
    0x00000a7c   0x00000a7c   0x00000030   Code   RO         7816    .text               mf_w.l(dfixul.o)
    0x00000aac   0x00000aac   0x00000024   Code   RO         7818    .text               mc_w.l(init.o)
    0x00000ad0   0x00000ad0   0x0000003a   Code   RO         7832    .text               mc_w.l(__dczerorl.o)
    0x00000b0a   0x00000b0a   0x00000002   PAD
    0x00000b0c   0x00000b0c   0x0000000c   Code   RO         7226    .text.OS_Tick_AcknowledgeIRQ  RTX_CM4F.lib(os_systick.o)
    0x00000b18   0x00000b18   0x00000090   Code   RO         6998    .text.osRtxPendSV_Handler  RTX_CM4F.lib(rtx_system.o)
    0x00000ba8   0x00000ba8   0x00000038   Code   RO         7033    .text.osRtxThreadBlock  RTX_CM4F.lib(rtx_thread.o)
    0x00000be0   0x00000be0   0x00000038   Code   RO         7023    .text.osRtxThreadDelayTick  RTX_CM4F.lib(rtx_thread.o)
    0x00000c18   0x00000c18   0x00000060   Code   RO         7031    .text.osRtxThreadDispatch  RTX_CM4F.lib(rtx_thread.o)
    0x00000c78   0x00000c78   0x0000002c   Code   RO         7013    .text.osRtxThreadListPut  RTX_CM4F.lib(rtx_thread.o)
    0x00000ca4   0x00000ca4   0x00000014   Code   RO         7019    .text.osRtxThreadListRemove  RTX_CM4F.lib(rtx_thread.o)
    0x00000cb8   0x00000cb8   0x00000014   Code   RO         7021    .text.osRtxThreadReadyPut  RTX_CM4F.lib(rtx_thread.o)
    0x00000ccc   0x00000ccc   0x00000028   Code   RO         7029    .text.osRtxThreadStackCheck  RTX_CM4F.lib(rtx_thread.o)
    0x00000cf4   0x00000cf4   0x00000010   Code   RO         7027    .text.osRtxThreadSwitch  RTX_CM4F.lib(rtx_thread.o)
    0x00000d04   0x00000d04   0x00000070   Code   RO         6996    .text.osRtxTick_Handler  RTX_CM4F.lib(rtx_system.o)
    0x00000d74   0x00000d74   0x0000000c   Code   RO         6218    i.Delay_Ms          delay.o
    0x00000d80   0x00000d80   0x00000014   Code   RO         1851    i.FPUEnable         fpu.o
    0x00000d94   0x00000d94   0x00000014   Code   RO         1854    i.FPULazyStackingEnable  fpu.o
    0x00000da8   0x00000da8   0x00000032   Code   RO         1918    i.GPIODirModeSet    gpio.o
    0x00000dda   0x00000dda   0x00000156   Code   RO         1930    i.GPIOPadConfigSet  gpio.o
    0x00000f30   0x00000f30   0x00000050   Code   RO         1931    i.GPIOPinConfigure  gpio.o
    0x00000f80   0x00000f80   0x0000001e   Code   RO         1942    i.GPIOPinTypeGPIOOutput  gpio.o
    0x00000f9e   0x00000f9e   0x0000001e   Code   RO         1954    i.GPIOPinTypeUART   gpio.o
    0x00000fbc   0x00000fbc   0x0000000a   Code   RO         1960    i.GPIOPinWrite      gpio.o
    0x00000fc6   0x00000fc6   0x00000002   PAD
    0x00000fc8   0x00000fc8   0x00000020   Code   RO         6722    i.GPRSReturnERROR   gprs.o
    0x00000fe8   0x00000fe8   0x0000001c   Code   RO         6723    i.GPRSReturnOK      gprs.o
    0x00001004   0x00001004   0x000000fc   Code   RO         6307    i.GPSDataToJson     gps.o
    0x00001100   0x00001100   0x00000150   Code   RO         6724    i.Init_GPRS         gprs.o
    0x00001250   0x00001250   0x00000074   Code   RO         2900    i.IntEnable         interrupt.o
    0x000012c4   0x000012c4   0x00000034   Code   RO         2911    i.IntPrioritySet    interrupt.o
    0x000012f8   0x000012f8   0x0000003c   Code   RO         2912    i.IntRegister       interrupt.o
    0x00001334   0x00001334   0x00000010   Code   RO         6220    i.SycTickHandler    delay.o
    0x00001344   0x00001344   0x0000016c   Code   RO         4069    i.SysCtlClockGet    sysctl.o
    0x000014b0   0x000014b0   0x0000012c   Code   RO         4071    i.SysCtlClockSet    sysctl.o
    0x000015dc   0x000015dc   0x00000034   Code   RO         4100    i.SysCtlPeripheralEnable  sysctl.o
    0x00001610   0x00001610   0x00000038   Code   RO         4103    i.SysCtlPeripheralPresent  sysctl.o
    0x00001648   0x00001648   0x00000038   Code   RO         4104    i.SysCtlPeripheralReady  sysctl.o
    0x00001680   0x00001680   0x00000012   Code   RO         4469    i.SysTickEnable     systick.o
    0x00001692   0x00001692   0x00000012   Code   RO         4471    i.SysTickIntEnable  systick.o
    0x000016a4   0x000016a4   0x0000001e   Code   RO         4472    i.SysTickIntRegister  systick.o
    0x000016c2   0x000016c2   0x0000000a   Code   RO         4475    i.SysTickPeriodSet  systick.o
    0x000016cc   0x000016cc   0x00000098   Code   RO         6867    i.SystemInit        system_tm4c123.o
    0x00001764   0x00001764   0x00000070   Code   RO         6172    i.UART0Init         my_uart.o
    0x000017d4   0x000017d4   0x0000009c   Code   RO         6173    i.UART0IntHandler   my_uart.o
    0x00001870   0x00001870   0x00000020   Code   RO         6174    i.UART0Send         my_uart.o
    0x00001890   0x00001890   0x00000074   Code   RO         6175    i.UART1Init         my_uart.o
    0x00001904   0x00001904   0x00000048   Code   RO         6176    i.UART1_IRQHandler  my_uart.o
    0x0000194c   0x0000194c   0x00000020   Code   RO         6177    i.UART1_Send        my_uart.o
    0x0000196c   0x0000196c   0x00000012   Code   RO         4784    i.UARTCharGet       uart.o
    0x0000197e   0x0000197e   0x00000010   Code   RO         4786    i.UARTCharPut       uart.o
    0x0000198e   0x0000198e   0x00000006   Code   RO         4790    i.UARTClockSourceSet  uart.o
    0x00001994   0x00001994   0x0000004c   Code   RO         4792    i.UARTConfigSetExpClk  uart.o
    0x000019e0   0x000019e0   0x00000020   Code   RO         4795    i.UARTDisable       uart.o
    0x00001a00   0x00001a00   0x00000014   Code   RO         4797    i.UARTEnable        uart.o
    0x00001a14   0x00001a14   0x0000000a   Code   RO         4799    i.UARTFIFODisable   uart.o
    0x00001a1e   0x00001a1e   0x00000004   Code   RO         4805    i.UARTIntClear      uart.o
    0x00001a22   0x00001a22   0x00000008   Code   RO         4807    i.UARTIntEnable     uart.o
    0x00001a2a   0x00001a2a   0x0000001e   Code   RO         4808    i.UARTIntRegister   uart.o
    0x00001a48   0x00001a48   0x0000000c   Code   RO         4809    i.UARTIntStatus     uart.o
    0x00001a54   0x00001a54   0x00000050   Code   RO         6000    i.UARTStdioConfig   uartstdio.o
    0x00001aa4   0x00001aa4   0x0000000a   Code   RO         5880    i.WatchdogEnable    watchdog.o
    0x00001aae   0x00001aae   0x00000008   Code   RO         5887    i.WatchdogLock      watchdog.o
    0x00001ab6   0x00001ab6   0x00000010   Code   RO         5888    i.WatchdogLockState  watchdog.o
    0x00001ac6   0x00001ac6   0x00000004   Code   RO         5890    i.WatchdogReloadSet  watchdog.o
    0x00001aca   0x00001aca   0x0000000a   Code   RO         5892    i.WatchdogResetEnable  watchdog.o
    0x00001ad4   0x00001ad4   0x0000000e   Code   RO         5895    i.WatchdogStallEnable  watchdog.o
    0x00001ae2   0x00001ae2   0x00000002   PAD
    0x00001ae4   0x00001ae4   0x0000000c   Code   RO         5896    i.WatchdogUnlock    watchdog.o
    0x00001af0   0x00001af0   0x0000004c   Code   RO         4825    i._UARTIntNumberGet  uart.o
    0x00001b3c   0x00001b3c   0x00000028   Code   RO         7672    i.__0sprintf        mc_w.l(printfa.o)
    0x00001b64   0x00001b64   0x00000014   Code   RO         7388    i.__hardfp_fabs     m_wm.l(fabs.o)
    0x00001b78   0x00001b78   0x00000118   Code   RO         7394    i.__hardfp_floor    m_wm.l(floor.o)
    0x00001c90   0x00001c90   0x0000000e   Code   RO         7826    i.__scatterload_copy  mc_w.l(handlers.o)
    0x00001c9e   0x00001c9e   0x00000002   Code   RO         7827    i.__scatterload_null  mc_w.l(handlers.o)
    0x00001ca0   0x00001ca0   0x0000000e   Code   RO         7828    i.__scatterload_zeroinit  mc_w.l(handlers.o)
    0x00001cae   0x00001cae   0x00000002   PAD
    0x00001cb0   0x00001cb0   0x00000184   Code   RO         7677    i._fp_digits        mc_w.l(printfa.o)
    0x00001e34   0x00001e34   0x000006dc   Code   RO         7678    i._printf_core      mc_w.l(printfa.o)
    0x00002510   0x00002510   0x00000024   Code   RO         7679    i._printf_post_padding  mc_w.l(printfa.o)
    0x00002534   0x00002534   0x0000002e   Code   RO         7680    i._printf_pre_padding  mc_w.l(printfa.o)
    0x00002562   0x00002562   0x0000000a   Code   RO         7682    i._sputc            mc_w.l(printfa.o)
    0x0000256c   0x0000256c   0x0000002a   Code   RO         6375    i.cJSON_AddItemToArray  cjson.o
    0x00002596   0x00002596   0x00000002   PAD
    0x00002598   0x00002598   0x00000030   Code   RO         6376    i.cJSON_AddItemToObject  cjson.o
    0x000025c8   0x000025c8   0x00000030   Code   RO         6385    i.cJSON_CreateNumber  cjson.o
    0x000025f8   0x000025f8   0x00000012   Code   RO         6386    i.cJSON_CreateObject  cjson.o
    0x0000260a   0x0000260a   0x0000001c   Code   RO         6387    i.cJSON_CreateString  cjson.o
    0x00002626   0x00002626   0x00000002   PAD
    0x00002628   0x00002628   0x00000058   Code   RO         6390    i.cJSON_Delete      cjson.o
    0x00002680   0x00002680   0x00000020   Code   RO         6403    i.cJSON_New_Item    cjson.o
    0x000026a0   0x000026a0   0x00000012   Code   RO         6408    i.cJSON_PrintUnformatted  cjson.o
    0x000026b2   0x000026b2   0x00000002   PAD
    0x000026b4   0x000026b4   0x0000002c   Code   RO         6412    i.cJSON_strdup      cjson.o
    0x000026e0   0x000026e0   0x0000004c   Code   RO         6309    i.clrGPSStruct      gps.o
    0x0000272c   0x0000272c   0x00000012   Code   RO         6221    i.delay             delay.o
    0x0000273e   0x0000273e   0x00000018   Code   RO         6222    i.delayMicroseconds  delay.o
    0x00002756   0x00002756   0x0000000c   Code   RO         6223    i.delay_ms          delay.o
    0x00002762   0x00002762   0x00000002   PAD
    0x00002764   0x00002764   0x00000070   Code   RO         6310    i.disposeGpsBuffer  gps.o
    0x000027d4   0x000027d4   0x00000070   Code   RO         6414    i.ensure            cjson.o
    0x00002844   0x00002844   0x00000014   Code   RO         6311    i.errorLog          gps.o
    0x00002858   0x00002858   0x00000026   Code   RO         6288    i.feedWatchDog      wdt.o
    0x0000287e   0x0000287e   0x00000002   PAD
    0x00002880   0x00002880   0x00000050   Code   RO         7698    i.free              mc_w.l(malloc.o)
    0x000028d0   0x000028d0   0x0000002c   Code   RO         6225    i.initDelay         delay.o
    0x000028fc   0x000028fc   0x00000078   Code   RO         6058    i.main              main.o
    0x00002974   0x00002974   0x0000006c   Code   RO         7699    i.malloc            mc_w.l(malloc.o)
    0x000029e0   0x000029e0   0x0000000c   Code   RO         6226    i.micros            delay.o
    0x000029ec   0x000029ec   0x00000020   Code   RO         6825    i.osRtxErrorNotify  rtx_config.o
    0x00002a0c   0x00002a0c   0x000000e4   Code   RO         6312    i.parseGpsBuffer    gps.o
    0x00002af0   0x00002af0   0x000000e8   Code   RO         6725    i.postGPSdata       gprs.o
    0x00002bd8   0x00002bd8   0x0000001c   Code   RO         6421    i.pow2gt            cjson.o
    0x00002bf4   0x00002bf4   0x00000250   Code   RO         6422    i.print_array       cjson.o
    0x00002e44   0x00002e44   0x00000234   Code   RO         6423    i.print_number      cjson.o
    0x00003078   0x00003078   0x00000418   Code   RO         6424    i.print_object      cjson.o
    0x00003490   0x00003490   0x00000010   Code   RO         6425    i.print_string      cjson.o
    0x000034a0   0x000034a0   0x000001d4   Code   RO         6426    i.print_string_ptr  cjson.o
    0x00003674   0x00003674   0x00000130   Code   RO         6427    i.print_value       cjson.o
    0x000037a4   0x000037a4   0x00000006   Code   RO         6429    i.suffix_object     cjson.o
    0x000037aa   0x000037aa   0x00000002   PAD
    0x000037ac   0x000037ac   0x00000018   Code   RO         6160    i.systemInit        my_system.o
    0x000037c4   0x000037c4   0x00000020   Code   RO         6430    i.update            cjson.o
    0x000037e4   0x000037e4   0x00000050   Code   RO         6289    i.watchDogInit      wdt.o
    0x00003834   0x00003834   0x00000228   Data   RO         1962    .constdata          gpio.o
    0x00003a5c   0x00003a5c   0x0000010c   Data   RO         2916    .constdata          interrupt.o
    0x00003b68   0x00003b68   0x00000254   Data   RO         4124    .constdata          sysctl.o
    0x00003dbc   0x00003dbc   0x00000080   Data   RO         4826    .constdata          uart.o
    0x00003e3c   0x00003e3c   0x0000001c   Data   RO         6006    .constdata          uartstdio.o
    0x00003e58   0x00003e58   0x00000064   Data   RO         6771    .constdata          rtx_lib.o
    0x00003ebc   0x00003ebc   0x00000011   Data   RO         6007    .conststring        uartstdio.o
    0x00003ecd   0x00003ecd   0x00000003   PAD
    0x00003ed0   0x00003ed0   0x00000068   Data   RO         6773    .rodata             rtx_lib.o
    0x00003f38   0x00003f38   0x0000000b   Data   RO         6983    .rodata.str1.4      RTX_CM4F.lib(rtx_kernel.o)
    0x00003f43   0x00003f43   0x00000001   PAD
    0x00003f44   0x00003f44   0x00000020   Data   RO         7824    Region$$Table       anon$$obj.o


    Execution Region RW_IRAM1 (Exec base: 0x20000000, Load base: 0x00003f64, Size: 0x00007f40, Max: 0x00008000, ABSOLUTE, COMPRESSED[0x00000048])

    Exec Addr    Load Addr    Size         Type   Attr      Idx    E Section Name        Object

    0x20000000   COMPRESSED   0x00001040   Data   RW         6766    .bss.os             rtx_lib.o
    0x20001040   COMPRESSED   0x00000034   Data   RW         6767    .bss.os.msgqueue.cb  rtx_lib.o
    0x20001074   COMPRESSED   0x00000050   Data   RW         6768    .bss.os.msgqueue.mem  rtx_lib.o
    0x200010c4   COMPRESSED   0x00000088   Data   RW         6769    .bss.os.thread.cb   rtx_lib.o
    0x2000114c   COMPRESSED   0x00000004   PAD
    0x20001150   COMPRESSED   0x00000200   Data   RW         6770    .bss.os.thread.stack  rtx_lib.o
    0x20001350   COMPRESSED   0x00000005   Data   RW         6008    .data               uartstdio.o
    0x20001355   COMPRESSED   0x00000002   Data   RW         6179    .data               my_uart.o
    0x20001357   COMPRESSED   0x00000001   PAD
    0x20001358   COMPRESSED   0x00000004   Data   RW         6228    .data               delay.o
    0x2000135c   COMPRESSED   0x00000006   Data   RW         6314    .data               gps.o
    0x20001362   COMPRESSED   0x00000002   PAD
    0x20001364   COMPRESSED   0x0000000c   Data   RW         6432    .data               cjson.o
    0x20001370   COMPRESSED   0x00000004   Data   RW         7798    .data               mc_w.l(mvars.o)
    0x20001374   COMPRESSED   0x00000004   Data   RW         7799    .data               mc_w.l(mvars.o)
    0x20001378   COMPRESSED   0x000000a4   Data   RW         6984    .data.os            RTX_CM4F.lib(rtx_kernel.o)
    0x2000141c   COMPRESSED   0x000003e4   PAD
    0x20001800   COMPRESSED   0x0000026c   Data   RW         2917    vtable              interrupt.o
    0x20001a6c        -       0x000000c8   Zero   RW         6178    .bss                my_uart.o
    0x20001b34        -       0x00000209   Zero   RW         6313    .bss                gps.o
    0x20001d3d   COMPRESSED   0x00000003   PAD
    0x20001d40        -       0x00006000   Zero   RW         6857    HEAP                startup_tm4c123.o
    0x20007d40        -       0x00000200   Zero   RW         6856    STACK               startup_tm4c123.o


==============================================================================

Image component sizes


      Code (inc. data)   RO Data    RW Data    ZI Data      Debug   Object Name

         0          0          0          0          0       4532   adc.o
      3536        206          0         12          0      16090   cjson.o
         0          0          0          0          0         32   cpu.o
       138         20          0          4          0       3939   delay.o
        40         12          0          0          0        904   fpu.o
       542         10        552          0          0       4880   gpio.o
       628        214          0          0          0       2343   gprs.o
       688        142          0          6        521       5803   gps.o
       228         22        268        620          0       2919   interrupt.o
       120         10          0          0          0        943   main.o
        24          6          0          0          0        473   my_system.o
       520         88          0          2        200       4041   my_uart.o
        32          6          0          0          0        587   rtx_config.o
         0          0        204       4940          0      12375   rtx_lib.o
       252         10        620          0      25088       5432   startup_tm4c123.o
       834         74        596          0          0       5573   sysctl.o
       152         40          0          0          0        597   system_tm4c123.o
        76          0          0          0          0       1975   systick.o
       308         20        128          0          0       7881   uart.o
        80         12         45          5          0       3045   uartstdio.o
        74          4          0          0          0       3629   watchdog.o
       118          0          0          0          0        950   wdt.o

    ----------------------------------------------------------------------
      8408        896       2448       5596      25812      88943   Object Totals
         0          0         32          0          0          0   (incl. Generated)
        18          0          3          7          3          0   (incl. Padding)

    ----------------------------------------------------------------------

      Code (inc. data)   RO Data    RW Data    ZI Data      Debug   Library Member Name

       196         12          0          0          0        544   irq_cm4f.o
        12          4          0          0          0       3637   os_systick.o
         0          0         11        164          0      18343   rtx_kernel.o
       256         16          0          0          0       5693   rtx_system.o
       348         28          0          0          0      34306   rtx_thread.o
        20          0          0          0          0        124   fabs.o
       280         28          0          0          0        156   floor.o
        58          0          0          0          0          0   __dczerorl.o
         0          0          0          0          0          0   entry.o
         0          0          0          0          0          0   entry10a.o
         0          0          0          0          0          0   entry11a.o
         8          4          0          0          0          0   entry2.o
         4          0          0          0          0          0   entry5.o
         0          0          0          0          0          0   entry7b.o
         0          0          0          0          0          0   entry8b.o
         8          4          0          0          0          0   entry9a.o
        30          0          0          0          0          0   handlers.o
        36          8          0          0          0         68   init.o
         0          0          0          0          0          0   iusefp.o
        30          0          0          0          0         68   llshl.o
        36          0          0          0          0         68   llsshr.o
        32          0          0          0          0         68   llushr.o
       188         20          0          0          0        160   malloc.o
        36          0          0          0          0         68   memcpya.o
        36          0          0          0          0        108   memseta.o
         0          0          0          8          0          0   mvars.o
      2276         86          0          0          0        520   printfa.o
        20          0          0          0          0         68   strchr.o
        18          0          0          0          0         68   strcpy.o
        14          0          0          0          0         68   strlen.o
        24          0          0          0          0         76   strncpy.o
        36          0          0          0          0         80   strstr.o
        44          0          0          0          0         80   uidiv.o
        98          0          0          0          0         92   uldiv.o
        48          0          0          0          0         68   cdcmple.o
        48          0          0          0          0         68   cdrcmple.o
       334          0          0          0          0        148   dadd.o
       222          0          0          0          0        100   ddiv.o
       186          0          0          0          0        176   depilogue.o
        62          0          0          0          0         80   dfixi.o
        48          0          0          0          0         68   dfixul.o
        34          0          0          0          0         76   dflti.o
       228          0          0          0          0         96   dmul.o

    ----------------------------------------------------------------------
      5360        210         12       1168          0      65343   Library Totals
         6          0          1        996          0          0   (incl. Padding)

    ----------------------------------------------------------------------

      Code (inc. data)   RO Data    RW Data    ZI Data      Debug   Library Name

       812         60         11        164          0      62523   RTX_CM4F.lib
       300         28          0          0          0        280   m_wm.l
      3032        122          0          8          0       1660   mc_w.l
      1210          0          0          0          0        880   mf_w.l

    ----------------------------------------------------------------------
      5360        210         12       1168          0      65343   Library Totals

    ----------------------------------------------------------------------

==============================================================================


      Code (inc. data)   RO Data    RW Data    ZI Data      Debug   

     13768       1106       2460       6764      25812     144534   Grand Totals
     13768       1106       2460         72      25812     144534   ELF Image Totals (compressed)
     13768       1106       2460         72          0          0   ROM Totals

==============================================================================

    Total RO  Size (Code + RO Data)                16228 (  15.85kB)
    Total RW  Size (RW Data + ZI Data)             32576 (  31.81kB)
    Total ROM Size (Code + RO Data + RW Data)      16300 (  15.92kB)

==============================================================================

